[Chromatik 2025/11/04 04:23:43] Starting Chromatik version 1.1.0
[Chromatik 2025/11/04 04:23:43] Running java 21.0.6 Eclipse Adoptium Mac OS X 14.5 aarch64
[Chromatik 2025/11/04 04:23:44] Licensed to Ben Rotter <benjrotter@gmail.com> - version 1.0.0 FREE - heronarts.lx.core
[GLX 2025/11/04 04:23:44] GLX monitorWorkarea: size(1470x918), pos(x:0,y:38)
[GLX 2025/11/04 04:23:44] GLX createWindow: 1470x890
[GLX 2025/11/04 04:23:44] GLX systemContentScale: 2.0x2.0
[GLX 2025/11/04 04:23:44] GLX windowSize: 1470x890
[GLX 2025/11/04 04:23:44] GLX setWindowPos: 0,66
[GLX 2025/11/04 04:23:44] GLX framebufferSize: 2940x1780
[GLX 2025/11/04 04:23:44] GLX uiSize: 1470.0x890.0
[GLX 2025/11/04 04:23:44] GLX cursorScale: 1.0x1.0
[GLX 2025/11/04 04:23:44] Using BGFX renderer: Metal
[GLX 2025/11/04 04:23:44] Starting LX Engine...
[LX 2025/11/04 04:23:44] LXEngine.ExecutorService starting...
[GLX 2025/11/04 04:23:44] Bootstrap complete, running main loop.
[LX 2025/11/04 04:23:44] Opening project file: /Users/ben/Chromatik/Projects/Blinkydome2025_tojapan.lxp
[GLX 2025/11/04 04:23:45] Framebuffer had to initialize itself before a bind() call ever occurred - UILoading
java.lang.Exception
	at heronarts.glx.ui.vg.VGraphics$Framebuffer.initialize(VGraphics.java:294)
	at heronarts.glx.ui.UI2dContext.draw(UI2dContext.java:104)
	at heronarts.glx.ui.UI$UIRoot.draw(UI.java:372)
	at heronarts.glx.ui.UI.draw(UI.java:1064)
	at heronarts.glx.GLX.draw(GLX.java:782)
	at heronarts.glx.GLX.loop(GLX.java:733)
	at heronarts.glx.GLX.run(GLX.java:276)
	at heronarts.lx.studio.Chromatik.main(Chromatik.java:349)
[LX 2025/11/04 04:23:45] Started audio input thread: Default Audio Device
[LX 2025/11/04 04:23:45] Started audio input thread: MacBook Air Microphone
[LX 2025/11/04 04:23:45] Project loaded successfully from /Users/ben/Chromatik/Projects/Blinkydome2025_tojapan.lxp
[LX 2025/11/04 04:23:45] [I/O] Network output is disabled due to license restrictions.
[LX 2025/11/04 04:23:50] Started audio input thread: VB-Cable
[LX 2025/11/15 05:21:03] Project saved successfully to /Users/ben/Chromatik/Projects/Blinkydome2025_tojapan.lxp
[LX 2025/11/15 05:28:18] Project saved successfully to /Users/ben/Chromatik/Projects/Blinkydome2025_tojapan.lxp
[LX 2025/11/15 05:45:28] Project saved successfully to /Users/ben/Chromatik/Projects/Blinkydome2025_tojapan.lxp
[LX 2025/11/17 17:25:25] Model exported successfully to /Users/ben/Chromatik/Models/Model.lxm
[LX 2025/11/17 18:23:11] Project saved successfully to /Users/ben/Chromatik/Projects/Blinkydome2025_fromjapan.lxp
[LX 2025/11/17 18:23:15] Model exported successfully to /Users/ben/Chromatik/Models/Model.lxm
[GLX 2025/11/18 16:26:43] Stopping LX engine...
[LX 2025/11/18 16:26:43] LXEngine.ExecutorService has finished.
[LX 2025/11/18 16:26:43] Finished audio input thread: VB-Cable
[LX 2025/11/18 16:26:43] [MIDI] LXMidiEngine Device Update Thread finished.
[GLX 2025/11/18 16:26:43] Done with main thread, GLX shutdown complete. Thanks for playing. <3
